run #1110 | Paris 28 Sep 07:05 | Tokyo 28 Sep 14:05 | trigger: workflow_dispatch | utc 2026-09-28 05:05

[info] Checking: Matcha Isuzu (五十鈴) from Marukyu Koyamaen English shop
[info]   HTTP 200, 119669 bytes
[info]   Out of stock.
[info] Checking: Matcha Wako (和光) from Marukyu Koyamaen English shop
[info]   HTTP 200, 123696 bytes
[info]   Out of stock.
[info] Checking: Matcha Kinrin (金輪) from Marukyu Koyamaen English shop
[info]   HTTP 200, 121003 bytes
[info]   Out of stock.
[info] Checking: Matcha Kinrin (金輪) from Marukyu Koyamaen, at Sazen Tea
[info]   HTTP 200, 144323 bytes
[info]   Out of stock.
[info] Checking: Matcha Wako (和光) from Marukyu Koyamaen, at Sazen Tea
[info]   (reusing the page already fetched this run)
[info]   HTTP 200, 144323 bytes
[info]   Out of stock.
[info] Checking: Matcha Isuzu (五十鈴) from Marukyu Koyamaen, at Sazen Tea
[info]   (reusing the page already fetched this run)
[info]   HTTP 200, 144323 bytes
[info]   Out of stock.
[info] Checking: Matcha Ogurayama (小倉山) from Yamamasa Koyamaen, at Sazen Tea
[info]   HTTP 200, 138765 bytes
[info]   Out of stock.
[info] Checking: Matcha Shikibu no Mukashi (式部の昔) from Yamamasa Koyamaen, at Sazen Tea
[info]   (reusing the page already fetched this run)
[info]   HTTP 200, 138765 bytes
[info]   Out of stock.
[info] Checking: Matcha Samidori (さみどり) from Yamamasa Koyamaen, at Sazen Tea
[info]   (reusing the page already fetched this run)
[info]   HTTP 200, 138765 bytes
[info]   Out of stock.
[info] Checking: Matcha Todou no Mukashi (都昔) from Horii Shichimeien
[info]   HTTP 200, 6488 bytes
[price]   30g: ¥4,860 (sold out)
[info]   Out of stock.
[info] Checking: Matcha Uji Mukashi (宇治昔) from Horii Shichimeien
[info]   HTTP 200, 6584 bytes
[price]   30g: ¥2,484 (IN STOCK)
[info]   In stock, but already reported earlier. Available sizes: 30g, ¥2,484
[info] state saved (1 items tracked)

run #1109 | Paris 28 Sep 05:59 | Tokyo 28 Sep 12:59 | trigger: workflow_dispatch | utc 2026-09-28 03:59

[info] Checking: Matcha Isuzu (五十鈴) from Marukyu Koyamaen English shop
[info]   HTTP 200, 119669 bytes
[info]   Out of stock.
[info] Checking: Matcha Wako (和光) from Marukyu Koyamaen English shop
[info]   HTTP 200, 123761 bytes
[info]   Out of stock.
[info] Checking: Matcha Kinrin (金輪) from Marukyu Koyamaen English shop
[info]   HTTP 200, 121068 bytes
[info]   Out of stock.
[info] Skipping (checked 57 min ago, limit 120 min): Matcha Kinrin (金輪) from Marukyu Koyamaen, at Sazen Tea
[info] Skipping (checked 57 min ago, limit 120 min): Matcha Wako (和光) from Marukyu Koyamaen, at Sazen Tea
[info] Skipping (checked 57 min ago, limit 120 min): Matcha Isuzu (五十鈴) from Marukyu Koyamaen, at Sazen Tea
[info] Skipping (checked 57 min ago, limit 120 min): Matcha Ogurayama (小倉山) from Yamamasa Koyamaen, at Sazen Tea
[info] Skipping (checked 57 min ago, limit 120 min): Matcha Shikibu no Mukashi (式部の昔) from Yamamasa Koyamaen, at Sazen Tea
[info] Skipping (checked 57 min ago, limit 120 min): Matcha Samidori (さみどり) from Yamamasa Koyamaen, at Sazen Tea
[info] Checking: Matcha Todou no Mukashi (都昔) from Horii Shichimeien
[info]   HTTP 200, 6488 bytes
[price]   30g: ¥4,860 (sold out)
[info]   Out of stock.
[info] Checking: Matcha Uji Mukashi (宇治昔) from Horii Shichimeien
[info]   HTTP 200, 6584 bytes
[price]   30g: ¥2,484 (IN STOCK)
[info]   In stock, but already reported earlier. Available sizes: 30g, ¥2,484
[info] state saved (1 items tracked)

run #1108 | Paris 28 Sep 05:02 | Tokyo 28 Sep 12:02 | trigger: workflow_dispatch | utc 2026-09-28 03:02

[info] Checking: Matcha Isuzu (五十鈴) from Marukyu Koyamaen English shop
[info]   HTTP 200, 119674 bytes
[info]   Out of stock.
[info] Checking: Matcha Wako (和光) from Marukyu Koyamaen English shop
[info]   HTTP 200, 123696 bytes
[info]   Out of stock.
[info] Checking: Matcha Kinrin (金輪) from Marukyu Koyamaen English shop
[info]   HTTP 200, 121068 bytes
[info]   Out of stock.
[info] Checking: Matcha Kinrin (金輪) from Marukyu Koyamaen, at Sazen Tea
[info]   HTTP 200, 144323 bytes
[info]   Out of stock.
[info] Checking: Matcha Wako (和光) from Marukyu Koyamaen, at Sazen Tea
[info]   (reusing the page already fetched this run)
[info]   HTTP 200, 144323 bytes
[info]   Out of stock.
[info] Checking: Matcha Isuzu (五十鈴) from Marukyu Koyamaen, at Sazen Tea
[info]   (reusing the page already fetched this run)
[info]   HTTP 200, 144323 bytes
[info]   Out of stock.
[info] Checking: Matcha Ogurayama (小倉山) from Yamamasa Koyamaen, at Sazen Tea
[info]   HTTP 200, 138765 bytes
[info]   Out of stock.
[info] Checking: Matcha Shikibu no Mukashi (式部の昔) from Yamamasa Koyamaen, at Sazen Tea
[info]   (reusing the page already fetched this run)
[info]   HTTP 200, 138765 bytes
[info]   Out of stock.
[info] Checking: Matcha Samidori (さみどり) from Yamamasa Koyamaen, at Sazen Tea
[info]   (reusing the page already fetched this run)
[info]   HTTP 200, 138765 bytes
[info]   Out of stock.
[info] Checking: Matcha Todou no Mukashi (都昔) from Horii Shichimeien
[info]   HTTP 200, 6488 bytes
[price]   30g: ¥4,860 (sold out)
[info]   Out of stock.
[info] Checking: Matcha Uji Mukashi (宇治昔) from Horii Shichimeien
[info]   HTTP 200, 6584 bytes
[price]   30g: ¥2,484 (IN STOCK)
[info]   In stock, but already reported earlier. Available sizes: 30g, ¥2,484
[info] state saved (1 items tracked)

run #1107 | Paris 28 Sep 04:01 | Tokyo 28 Sep 11:01 | trigger: workflow_dispatch | utc 2026-09-28 02:01

[info] Checking: Matcha Isuzu (五十鈴) from Marukyu Koyamaen English shop
[info]   HTTP 200, 119669 bytes
[info]   Out of stock.
[info] Checking: Matcha Wako (和光) from Marukyu Koyamaen English shop
[info]   HTTP 200, 123696 bytes
[info]   Out of stock.
[info] Checking: Matcha Kinrin (金輪) from Marukyu Koyamaen English shop
[info]   HTTP 200, 121068 bytes
[info]   Out of stock.
[info] Skipping (checked 119 min ago, limit 120 min): Matcha Kinrin (金輪) from Marukyu Koyamaen, at Sazen Tea
[info] Skipping (checked 119 min ago, limit 120 min): Matcha Wako (和光) from Marukyu Koyamaen, at Sazen Tea
[info] Skipping (checked 119 min ago, limit 120 min): Matcha Isuzu (五十鈴) from Marukyu Koyamaen, at Sazen Tea
[info] Skipping (checked 119 min ago, limit 120 min): Matcha Ogurayama (小倉山) from Yamamasa Koyamaen, at Sazen Tea
[info] Skipping (checked 119 min ago, limit 120 min): Matcha Shikibu no Mukashi (式部の昔) from Yamamasa Koyamaen, at Sazen Tea
[info] Skipping (checked 119 min ago, limit 120 min): Matcha Samidori (さみどり) from Yamamasa Koyamaen, at Sazen Tea
[info] Checking: Matcha Todou no Mukashi (都昔) from Horii Shichimeien
[info]   HTTP 200, 6488 bytes
[price]   30g: ¥4,860 (sold out)
[info]   Out of stock.
[info] Checking: Matcha Uji Mukashi (宇治昔) from Horii Shichimeien
[info]   HTTP 200, 6584 bytes
[price]   30g: ¥2,484 (IN STOCK)
[info]   In stock, but already reported earlier. Available sizes: 30g, ¥2,484
[info] state saved (1 items tracked)

run #1106 | Paris 28 Sep 03:00 | Tokyo 28 Sep 10:00 | trigger: workflow_dispatch | utc 2026-09-28 01:00

[info] Checking: Matcha Isuzu (五十鈴) from Marukyu Koyamaen English shop
[info]   HTTP 200, 119669 bytes
[info]   Out of stock.
[info] Checking: Matcha Wako (和光) from Marukyu Koyamaen English shop
[info]   HTTP 200, 123696 bytes
[info]   Out of stock.
[info] Checking: Matcha Kinrin (金輪) from Marukyu Koyamaen English shop
[info]   HTTP 200, 121068 bytes
[info]   Out of stock.
[info] Skipping (checked 58 min ago, limit 120 min): Matcha Kinrin (金輪) from Marukyu Koyamaen, at Sazen Tea
[info] Skipping (checked 58 min ago, limit 120 min): Matcha Wako (和光) from Marukyu Koyamaen, at Sazen Tea
[info] Skipping (checked 58 min ago, limit 120 min): Matcha Isuzu (五十鈴) from Marukyu Koyamaen, at Sazen Tea
[info] Skipping (checked 58 min ago, limit 120 min): Matcha Ogurayama (小倉山) from Yamamasa Koyamaen, at Sazen Tea
[info] Skipping (checked 58 min ago, limit 120 min): Matcha Shikibu no Mukashi (式部の昔) from Yamamasa Koyamaen, at Sazen Tea
[info] Skipping (checked 58 min ago, limit 120 min): Matcha Samidori (さみどり) from Yamamasa Koyamaen, at Sazen Tea
[info] Checking: Matcha Todou no Mukashi (都昔) from Horii Shichimeien
[info]   HTTP 200, 6488 bytes
[price]   30g: ¥4,860 (sold out)
[info]   Out of stock.
[info] Checking: Matcha Uji Mukashi (宇治昔) from Horii Shichimeien
[info]   HTTP 200, 6584 bytes
[price]   30g: ¥2,484 (IN STOCK)
[info]   In stock, but already reported earlier. Available sizes: 30g, ¥2,484
[info] state saved (1 items tracked)

run #1105 | Paris 28 Sep 02:47 | Tokyo 28 Sep 09:47 | trigger: schedule | utc 2026-09-28 00:47

[info] Checking: Matcha Isuzu (五十鈴) from Marukyu Koyamaen English shop
[info]   HTTP 200, 119669 bytes
[info]   Out of stock.
[info] Checking: Matcha Wako (和光) from Marukyu Koyamaen English shop
[info]   HTTP 200, 123696 bytes
[info]   Out of stock.
[info] Checking: Matcha Kinrin (金輪) from Marukyu Koyamaen English shop
[info]   HTTP 200, 121068 bytes
[info]   Out of stock.
[info] Skipping (checked 45 min ago, limit 120 min): Matcha Kinrin (金輪) from Marukyu Koyamaen, at Sazen Tea
[info] Skipping (checked 45 min ago, limit 120 min): Matcha Wako (和光) from Marukyu Koyamaen, at Sazen Tea
[info] Skipping (checked 45 min ago, limit 120 min): Matcha Isuzu (五十鈴) from Marukyu Koyamaen, at Sazen Tea
[info] Skipping (checked 45 min ago, limit 120 min): Matcha Ogurayama (小倉山) from Yamamasa Koyamaen, at Sazen Tea
[info] Skipping (checked 45 min ago, limit 120 min): Matcha Shikibu no Mukashi (式部の昔) from Yamamasa Koyamaen, at Sazen Tea
[info] Skipping (checked 45 min ago, limit 120 min): Matcha Samidori (さみどり) from Yamamasa Koyamaen, at Sazen Tea
[info] Checking: Matcha Todou no Mukashi (都昔) from Horii Shichimeien
[info]   HTTP 200, 6488 bytes
[price]   30g: ¥4,860 (sold out)
[info]   Out of stock.
[info] Checking: Matcha Uji Mukashi (宇治昔) from Horii Shichimeien
[info]   HTTP 200, 6584 bytes
[price]   30g: ¥2,484 (IN STOCK)
[info]   In stock, but already reported earlier. Available sizes: 30g, ¥2,484
[info] state saved (1 items tracked)

run #1104 | Paris 28 Sep 02:01 | Tokyo 28 Sep 09:01 | trigger: workflow_dispatch | utc 2026-09-28 00:01

[info] Checking: Matcha Isuzu (五十鈴) from Marukyu Koyamaen English shop
[info]   HTTP 200, 119669 bytes
[info]   Out of stock.
[info] Checking: Matcha Wako (和光) from Marukyu Koyamaen English shop
[info]   HTTP 200, 123761 bytes
[info]   Out of stock.
[info] Checking: Matcha Kinrin (金輪) from Marukyu Koyamaen English shop
[info]   HTTP 200, 121068 bytes
[info]   Out of stock.
[info] Checking: Matcha Kinrin (金輪) from Marukyu Koyamaen, at Sazen Tea
[info]   HTTP 200, 144323 bytes
[info]   Out of stock.
[info] Checking: Matcha Wako (和光) from Marukyu Koyamaen, at Sazen Tea
[info]   (reusing the page already fetched this run)
[info]   HTTP 200, 144323 bytes
[info]   Out of stock.
[info] Checking: Matcha Isuzu (五十鈴) from Marukyu Koyamaen, at Sazen Tea
[info]   (reusing the page already fetched this run)
[info]   HTTP 200, 144323 bytes
[info]   Out of stock.
[info] Checking: Matcha Ogurayama (小倉山) from Yamamasa Koyamaen, at Sazen Tea
[info]   HTTP 200, 138765 bytes
[info]   Out of stock.
[info] Checking: Matcha Shikibu no Mukashi (式部の昔) from Yamamasa Koyamaen, at Sazen Tea
[info]   (reusing the page already fetched this run)
[info]   HTTP 200, 138765 bytes
[info]   Out of stock.
[info] Checking: Matcha Samidori (さみどり) from Yamamasa Koyamaen, at Sazen Tea
[info]   (reusing the page already fetched this run)
[info]   HTTP 200, 138765 bytes
[info]   Out of stock.
[info] Checking: Matcha Todou no Mukashi (都昔) from Horii Shichimeien
[info]   HTTP 200, 6488 bytes
[price]   30g: ¥4,860 (sold out)
[info]   Out of stock.
[info] Checking: Matcha Uji Mukashi (宇治昔) from Horii Shichimeien
[info]   HTTP 200, 6584 bytes
[price]   30g: ¥2,484 (IN STOCK)
[info]   In stock, but already reported earlier. Available sizes: 30g, ¥2,484
[info] state saved (1 items tracked)

run #1103 | Paris 28 Sep 01:03 | Tokyo 28 Sep 08:03 | trigger: workflow_dispatch | utc 2026-09-27 23:03

[info] Checking: Matcha Isuzu (五十鈴) from Marukyu Koyamaen English shop
[info]   HTTP 200, 119669 bytes
[info]   Out of stock.
[info] Checking: Matcha Wako (和光) from Marukyu Koyamaen English shop
[info]   HTTP 200, 123696 bytes
[info]   Out of stock.
[info] Checking: Matcha Kinrin (金輪) from Marukyu Koyamaen English shop
[info]   HTTP 200, 121003 bytes
[info]   Out of stock.
[info] Skipping (checked 64 min ago, limit 120 min): Matcha Kinrin (金輪) from Marukyu Koyamaen, at Sazen Tea
[info] Skipping (checked 64 min ago, limit 120 min): Matcha Wako (和光) from Marukyu Koyamaen, at Sazen Tea
[info] Skipping (checked 64 min ago, limit 120 min): Matcha Isuzu (五十鈴) from Marukyu Koyamaen, at Sazen Tea
[info] Skipping (checked 64 min ago, limit 120 min): Matcha Ogurayama (小倉山) from Yamamasa Koyamaen, at Sazen Tea
[info] Skipping (checked 64 min ago, limit 120 min): Matcha Shikibu no Mukashi (式部の昔) from Yamamasa Koyamaen, at Sazen Tea
[info] Skipping (checked 64 min ago, limit 120 min): Matcha Samidori (さみどり) from Yamamasa Koyamaen, at Sazen Tea
[info] Checking: Matcha Todou no Mukashi (都昔) from Horii Shichimeien
[info]   HTTP 200, 6488 bytes
[price]   30g: ¥4,860 (sold out)
[info]   Out of stock.
[info] Checking: Matcha Uji Mukashi (宇治昔) from Horii Shichimeien
[info]   HTTP 200, 6584 bytes
[price]   30g: ¥2,484 (IN STOCK)
[info]   In stock, but already reported earlier. Available sizes: 30g, ¥2,484
[info] state saved (1 items tracked)

run #1102 | Paris 28 Sep 00:13 | Tokyo 28 Sep 07:13 | trigger: schedule | utc 2026-09-27 22:13

[info] Skipping (checked 69 min ago, limit 180 min [outside Tokyo office hours, now Mon 07:13 there]): Matcha Isuzu (五十鈴) from Marukyu Koyamaen English shop
[info] Skipping (checked 69 min ago, limit 180 min [outside Tokyo office hours, now Mon 07:13 there]): Matcha Wako (和光) from Marukyu Koyamaen English shop
[info] Skipping (checked 69 min ago, limit 180 min [outside Tokyo office hours, now Mon 07:13 there]): Matcha Kinrin (金輪) from Marukyu Koyamaen English shop
[info] Skipping (checked 15 min ago, limit 120 min): Matcha Kinrin (金輪) from Marukyu Koyamaen, at Sazen Tea
[info] Skipping (checked 15 min ago, limit 120 min): Matcha Wako (和光) from Marukyu Koyamaen, at Sazen Tea
[info] Skipping (checked 15 min ago, limit 120 min): Matcha Isuzu (五十鈴) from Marukyu Koyamaen, at Sazen Tea
[info] Skipping (checked 15 min ago, limit 120 min): Matcha Ogurayama (小倉山) from Yamamasa Koyamaen, at Sazen Tea
[info] Skipping (checked 15 min ago, limit 120 min): Matcha Shikibu no Mukashi (式部の昔) from Yamamasa Koyamaen, at Sazen Tea
[info] Skipping (checked 15 min ago, limit 120 min): Matcha Samidori (さみどり) from Yamamasa Koyamaen, at Sazen Tea
[info] Checking: Matcha Todou no Mukashi (都昔) from Horii Shichimeien
[info]   HTTP 200, 6488 bytes
[price]   30g: ¥4,860 (sold out)
[info]   Out of stock.
[info] Checking: Matcha Uji Mukashi (宇治昔) from Horii Shichimeien
[info]   HTTP 200, 6584 bytes
[price]   30g: ¥2,484 (IN STOCK)
[info]   In stock, but already reported earlier. Available sizes: 30g, ¥2,484
[info] state saved (1 items tracked)

run #1101 | Paris 27 Sep 23:58 | Tokyo 28 Sep 06:58 | trigger: workflow_dispatch | utc 2026-09-27 21:58

[info] Skipping (checked 54 min ago, limit 180 min [outside Tokyo office hours, now Mon 06:58 there]): Matcha Isuzu (五十鈴) from Marukyu Koyamaen English shop
[info] Skipping (checked 54 min ago, limit 180 min [outside Tokyo office hours, now Mon 06:58 there]): Matcha Wako (和光) from Marukyu Koyamaen English shop
[info] Skipping (checked 54 min ago, limit 180 min [outside Tokyo office hours, now Mon 06:58 there]): Matcha Kinrin (金輪) from Marukyu Koyamaen English shop
[info] Checking: Matcha Kinrin (金輪) from Marukyu Koyamaen, at Sazen Tea
[info]   HTTP 200, 144323 bytes
[info]   Out of stock.
[info] Checking: Matcha Wako (和光) from Marukyu Koyamaen, at Sazen Tea
[info]   (reusing the page already fetched this run)
[info]   HTTP 200, 144323 bytes
[info]   Out of stock.
[info] Checking: Matcha Isuzu (五十鈴) from Marukyu Koyamaen, at Sazen Tea
[info]   (reusing the page already fetched this run)
[info]   HTTP 200, 144323 bytes
[info]   Out of stock.
[info] Checking: Matcha Ogurayama (小倉山) from Yamamasa Koyamaen, at Sazen Tea
[info]   HTTP 200, 138765 bytes
[info]   Out of stock.
[info] Checking: Matcha Shikibu no Mukashi (式部の昔) from Yamamasa Koyamaen, at Sazen Tea
[info]   (reusing the page already fetched this run)
[info]   HTTP 200, 138765 bytes
[info]   Out of stock.
[info] Checking: Matcha Samidori (さみどり) from Yamamasa Koyamaen, at Sazen Tea
[info]   (reusing the page already fetched this run)
[info]   HTTP 200, 138765 bytes
[info]   Out of stock.
[info] Checking: Matcha Todou no Mukashi (都昔) from Horii Shichimeien
[info]   HTTP 200, 6488 bytes
[price]   30g: ¥4,860 (sold out)
[info]   Out of stock.
[info] Checking: Matcha Uji Mukashi (宇治昔) from Horii Shichimeien
[info]   HTTP 200, 6584 bytes
[price]   30g: ¥2,484 (IN STOCK)
[info]   In stock, but already reported earlier. Available sizes: 30g, ¥2,484
[info] state saved (1 items tracked)

run #1100 | Paris 27 Sep 23:03 | Tokyo 28 Sep 06:03 | trigger: workflow_dispatch | utc 2026-09-27 21:03

[info] Checking: Matcha Isuzu (五十鈴) from Marukyu Koyamaen English shop
[info]   HTTP 200, 119669 bytes
[info]   Out of stock.
[info] Checking: Matcha Wako (和光) from Marukyu Koyamaen English shop
[info]   HTTP 200, 123761 bytes
[info]   Out of stock.
[info] Checking: Matcha Kinrin (金輪) from Marukyu Koyamaen English shop
[info]   HTTP 200, 121068 bytes
[info]   Out of stock.
[info] Skipping (checked 114 min ago, limit 120 min): Matcha Kinrin (金輪) from Marukyu Koyamaen, at Sazen Tea
[info] Skipping (checked 114 min ago, limit 120 min): Matcha Wako (和光) from Marukyu Koyamaen, at Sazen Tea
[info] Skipping (checked 114 min ago, limit 120 min): Matcha Isuzu (五十鈴) from Marukyu Koyamaen, at Sazen Tea
[info] Skipping (checked 114 min ago, limit 120 min): Matcha Ogurayama (小倉山) from Yamamasa Koyamaen, at Sazen Tea
[info] Skipping (checked 114 min ago, limit 120 min): Matcha Shikibu no Mukashi (式部の昔) from Yamamasa Koyamaen, at Sazen Tea
[info] Skipping (checked 114 min ago, limit 120 min): Matcha Samidori (さみどり) from Yamamasa Koyamaen, at Sazen Tea
[info] Checking: Matcha Todou no Mukashi (都昔) from Horii Shichimeien
[info]   HTTP 200, 6488 bytes
[price]   30g: ¥4,860 (sold out)
[info]   Out of stock.
[info] Checking: Matcha Uji Mukashi (宇治昔) from Horii Shichimeien
[info]   HTTP 200, 6584 bytes
[price]   30g: ¥2,484 (IN STOCK)
[info]   In stock, but already reported earlier. Available sizes: 30g, ¥2,484
[info] state saved (1 items tracked)

run #1099 | Paris 27 Sep 22:09 | Tokyo 28 Sep 05:09 | trigger: workflow_dispatch | utc 2026-09-27 20:09

[info] Skipping (checked 125 min ago, limit 180 min [outside Tokyo office hours, now Mon 05:09 there]): Matcha Isuzu (五十鈴) from Marukyu Koyamaen English shop
[info] Skipping (checked 125 min ago, limit 180 min [outside Tokyo office hours, now Mon 05:09 there]): Matcha Wako (和光) from Marukyu Koyamaen English shop
[info] Skipping (checked 125 min ago, limit 180 min [outside Tokyo office hours, now Mon 05:09 there]): Matcha Kinrin (金輪) from Marukyu Koyamaen English shop
[info] Skipping (checked 59 min ago, limit 120 min): Matcha Kinrin (金輪) from Marukyu Koyamaen, at Sazen Tea
[info] Skipping (checked 59 min ago, limit 120 min): Matcha Wako (和光) from Marukyu Koyamaen, at Sazen Tea
[info] Skipping (checked 59 min ago, limit 120 min): Matcha Isuzu (五十鈴) from Marukyu Koyamaen, at Sazen Tea
[info] Skipping (checked 59 min ago, limit 120 min): Matcha Ogurayama (小倉山) from Yamamasa Koyamaen, at Sazen Tea
[info] Skipping (checked 59 min ago, limit 120 min): Matcha Shikibu no Mukashi (式部の昔) from Yamamasa Koyamaen, at Sazen Tea
[info] Skipping (checked 59 min ago, limit 120 min): Matcha Samidori (さみどり) from Yamamasa Koyamaen, at Sazen Tea
[info] Checking: Matcha Todou no Mukashi (都昔) from Horii Shichimeien
[info]   HTTP 200, 6488 bytes
[price]   30g: ¥4,860 (sold out)
[info]   Out of stock.
[info] Checking: Matcha Uji Mukashi (宇治昔) from Horii Shichimeien
[info]   HTTP 200, 6584 bytes
[price]   30g: ¥2,484 (IN STOCK)
[info]   In stock, but already reported earlier. Available sizes: 30g, ¥2,484
[info] state saved (1 items tracked)

run #1098 | Paris 27 Sep 21:09 | Tokyo 28 Sep 04:09 | trigger: workflow_dispatch | utc 2026-09-27 19:09

[info] Skipping (checked 65 min ago, limit 180 min [outside Tokyo office hours, now Mon 04:09 there]): Matcha Isuzu (五十鈴) from Marukyu Koyamaen English shop
[info] Skipping (checked 65 min ago, limit 180 min [outside Tokyo office hours, now Mon 04:09 there]): Matcha Wako (和光) from Marukyu Koyamaen English shop
[info] Skipping (checked 65 min ago, limit 180 min [outside Tokyo office hours, now Mon 04:09 there]): Matcha Kinrin (金輪) from Marukyu Koyamaen English shop
[info] Checking: Matcha Kinrin (金輪) from Marukyu Koyamaen, at Sazen Tea
[info]   HTTP 200, 144323 bytes
[info]   Out of stock.
[info] Checking: Matcha Wako (和光) from Marukyu Koyamaen, at Sazen Tea
[info]   (reusing the page already fetched this run)
[info]   HTTP 200, 144323 bytes
[info]   Out of stock.
[info] Checking: Matcha Isuzu (五十鈴) from Marukyu Koyamaen, at Sazen Tea
[info]   (reusing the page already fetched this run)
[info]   HTTP 200, 144323 bytes
[info]   Out of stock.
[info] Checking: Matcha Ogurayama (小倉山) from Yamamasa Koyamaen, at Sazen Tea
[info]   HTTP 200, 138765 bytes
[info]   Out of stock.
[info] Checking: Matcha Shikibu no Mukashi (式部の昔) from Yamamasa Koyamaen, at Sazen Tea
[info]   (reusing the page already fetched this run)
[info]   HTTP 200, 138765 bytes
[info]   Out of stock.
[info] Checking: Matcha Samidori (さみどり) from Yamamasa Koyamaen, at Sazen Tea
[info]   (reusing the page already fetched this run)
[info]   HTTP 200, 138765 bytes
[info]   Out of stock.
[info] Checking: Matcha Todou no Mukashi (都昔) from Horii Shichimeien
[info]   HTTP 200, 6488 bytes
[price]   30g: ¥4,860 (sold out)
[info]   Out of stock.
[info] Checking: Matcha Uji Mukashi (宇治昔) from Horii Shichimeien
[info]   HTTP 200, 6584 bytes
[price]   30g: ¥2,484 (IN STOCK)
[info]   In stock, but already reported earlier. Available sizes: 30g, ¥2,484
[info] state saved (1 items tracked)

run #1097 | Paris 27 Sep 20:23 | Tokyo 28 Sep 03:23 | trigger: schedule | utc 2026-09-27 18:23

[info] Skipping (checked 19 min ago, limit 180 min [outside Tokyo office hours, now Mon 03:23 there]): Matcha Isuzu (五十鈴) from Marukyu Koyamaen English shop
[info] Skipping (checked 19 min ago, limit 180 min [outside Tokyo office hours, now Mon 03:23 there]): Matcha Wako (和光) from Marukyu Koyamaen English shop
[info] Skipping (checked 19 min ago, limit 180 min [outside Tokyo office hours, now Mon 03:23 there]): Matcha Kinrin (金輪) from Marukyu Koyamaen English shop
[info] Skipping (checked 75 min ago, limit 120 min): Matcha Kinrin (金輪) from Marukyu Koyamaen, at Sazen Tea
[info] Skipping (checked 75 min ago, limit 120 min): Matcha Wako (和光) from Marukyu Koyamaen, at Sazen Tea
[info] Skipping (checked 75 min ago, limit 120 min): Matcha Isuzu (五十鈴) from Marukyu Koyamaen, at Sazen Tea
[info] Skipping (checked 75 min ago, limit 120 min): Matcha Ogurayama (小倉山) from Yamamasa Koyamaen, at Sazen Tea
[info] Skipping (checked 75 min ago, limit 120 min): Matcha Shikibu no Mukashi (式部の昔) from Yamamasa Koyamaen, at Sazen Tea
[info] Skipping (checked 75 min ago, limit 120 min): Matcha Samidori (さみどり) from Yamamasa Koyamaen, at Sazen Tea
[info] Checking: Matcha Todou no Mukashi (都昔) from Horii Shichimeien
[info]   HTTP 200, 6488 bytes
[price]   30g: ¥4,860 (sold out)
[info]   Out of stock.
[info] Checking: Matcha Uji Mukashi (宇治昔) from Horii Shichimeien
[info]   HTTP 200, 6584 bytes
[price]   30g: ¥2,484 (IN STOCK)
[info]   In stock, but already reported earlier. Available sizes: 30g, ¥2,484
[info] state saved (1 items tracked)

run #1096 | Paris 27 Sep 20:03 | Tokyo 28 Sep 03:03 | trigger: workflow_dispatch | utc 2026-09-27 18:03

[info] Checking: Matcha Isuzu (五十鈴) from Marukyu Koyamaen English shop
[info]   HTTP 200, 119674 bytes
[info]   Out of stock.
[info] Checking: Matcha Wako (和光) from Marukyu Koyamaen English shop
[info]   HTTP 200, 123761 bytes
[info]   Out of stock.
[info] Checking: Matcha Kinrin (金輪) from Marukyu Koyamaen English shop
[info]   HTTP 200, 121068 bytes
[info]   Out of stock.
[info] Skipping (checked 55 min ago, limit 120 min): Matcha Kinrin (金輪) from Marukyu Koyamaen, at Sazen Tea
[info] Skipping (checked 55 min ago, limit 120 min): Matcha Wako (和光) from Marukyu Koyamaen, at Sazen Tea
[info] Skipping (checked 55 min ago, limit 120 min): Matcha Isuzu (五十鈴) from Marukyu Koyamaen, at Sazen Tea
[info] Skipping (checked 55 min ago, limit 120 min): Matcha Ogurayama (小倉山) from Yamamasa Koyamaen, at Sazen Tea
[info] Skipping (checked 55 min ago, limit 120 min): Matcha Shikibu no Mukashi (式部の昔) from Yamamasa Koyamaen, at Sazen Tea
[info] Skipping (checked 55 min ago, limit 120 min): Matcha Samidori (さみどり) from Yamamasa Koyamaen, at Sazen Tea
[info] Checking: Matcha Todou no Mukashi (都昔) from Horii Shichimeien
[info]   HTTP 200, 6488 bytes
[price]   30g: ¥4,860 (sold out)
[info]   Out of stock.
[info] Checking: Matcha Uji Mukashi (宇治昔) from Horii Shichimeien
[info]   HTTP 200, 6584 bytes
[price]   30g: ¥2,484 (IN STOCK)
[info]   In stock, but already reported earlier. Available sizes: 30g, ¥2,484
[info] state saved (1 items tracked)

run #1095 | Paris 27 Sep 19:07 | Tokyo 28 Sep 02:07 | trigger: workflow_dispatch | utc 2026-09-27 17:07

[info] Skipping (checked 179 min ago, limit 180 min [outside Tokyo office hours, now Mon 02:07 there]): Matcha Isuzu (五十鈴) from Marukyu Koyamaen English shop
[info] Skipping (checked 179 min ago, limit 180 min [outside Tokyo office hours, now Mon 02:07 there]): Matcha Wako (和光) from Marukyu Koyamaen English shop
[info] Skipping (checked 179 min ago, limit 180 min [outside Tokyo office hours, now Mon 02:07 there]): Matcha Kinrin (金輪) from Marukyu Koyamaen English shop
[info] Checking: Matcha Kinrin (金輪) from Marukyu Koyamaen, at Sazen Tea
[info]   HTTP 200, 144323 bytes
[info]   Out of stock.
[info] Checking: Matcha Wako (和光) from Marukyu Koyamaen, at Sazen Tea
[info]   (reusing the page already fetched this run)
[info]   HTTP 200, 144323 bytes
[info]   Out of stock.
[info] Checking: Matcha Isuzu (五十鈴) from Marukyu Koyamaen, at Sazen Tea
[info]   (reusing the page already fetched this run)
[info]   HTTP 200, 144323 bytes
[info]   Out of stock.
[info] Checking: Matcha Ogurayama (小倉山) from Yamamasa Koyamaen, at Sazen Tea
[info]   HTTP 200, 138765 bytes
[info]   Out of stock.
[info] Checking: Matcha Shikibu no Mukashi (式部の昔) from Yamamasa Koyamaen, at Sazen Tea
[info]   (reusing the page already fetched this run)
[info]   HTTP 200, 138765 bytes
[info]   Out of stock.
[info] Checking: Matcha Samidori (さみどり) from Yamamasa Koyamaen, at Sazen Tea
[info]   (reusing the page already fetched this run)
[info]   HTTP 200, 138765 bytes
[info]   Out of stock.
[info] Checking: Matcha Todou no Mukashi (都昔) from Horii Shichimeien
[info]   HTTP 200, 6488 bytes
[price]   30g: ¥4,860 (sold out)
[info]   Out of stock.
[info] Checking: Matcha Uji Mukashi (宇治昔) from Horii Shichimeien
[info]   HTTP 200, 6584 bytes
[price]   30g: ¥2,484 (IN STOCK)
[info]   In stock, but already reported earlier. Available sizes: 30g, ¥2,484
[info] state saved (1 items tracked)

run #1094 | Paris 27 Sep 18:07 | Tokyo 28 Sep 01:07 | trigger: workflow_dispatch | utc 2026-09-27 16:07

[info] Skipping (checked 119 min ago, limit 180 min [outside Tokyo office hours, now Mon 01:07 there]): Matcha Isuzu (五十鈴) from Marukyu Koyamaen English shop
[info] Skipping (checked 119 min ago, limit 180 min [outside Tokyo office hours, now Mon 01:07 there]): Matcha Wako (和光) from Marukyu Koyamaen English shop
[info] Skipping (checked 119 min ago, limit 180 min [outside Tokyo office hours, now Mon 01:07 there]): Matcha Kinrin (金輪) from Marukyu Koyamaen English shop
[info] Skipping (checked 119 min ago, limit 120 min): Matcha Kinrin (金輪) from Marukyu Koyamaen, at Sazen Tea
[info] Skipping (checked 119 min ago, limit 120 min): Matcha Wako (和光) from Marukyu Koyamaen, at Sazen Tea
[info] Skipping (checked 119 min ago, limit 120 min): Matcha Isuzu (五十鈴) from Marukyu Koyamaen, at Sazen Tea
[info] Skipping (checked 119 min ago, limit 120 min): Matcha Ogurayama (小倉山) from Yamamasa Koyamaen, at Sazen Tea
[info] Skipping (checked 119 min ago, limit 120 min): Matcha Shikibu no Mukashi (式部の昔) from Yamamasa Koyamaen, at Sazen Tea
[info] Skipping (checked 119 min ago, limit 120 min): Matcha Samidori (さみどり) from Yamamasa Koyamaen, at Sazen Tea
[info] Checking: Matcha Todou no Mukashi (都昔) from Horii Shichimeien
[info]   HTTP 200, 6488 bytes
[price]   30g: ¥4,860 (sold out)
[info]   Out of stock.
[info] Checking: Matcha Uji Mukashi (宇治昔) from Horii Shichimeien
[info]   HTTP 200, 6584 bytes
[price]   30g: ¥2,484 (IN STOCK)
[info]   In stock, but already reported earlier. Available sizes: 30g, ¥2,484
[info] state saved (1 items tracked)

run #1093 | Paris 27 Sep 17:01 | Tokyo 28 Sep 00:01 | trigger: workflow_dispatch | utc 2026-09-27 15:01

[info] Skipping (checked 53 min ago, limit 180 min [outside Tokyo office hours, now Mon 00:01 there]): Matcha Isuzu (五十鈴) from Marukyu Koyamaen English shop
[info] Skipping (checked 53 min ago, limit 180 min [outside Tokyo office hours, now Mon 00:01 there]): Matcha Wako (和光) from Marukyu Koyamaen English shop
[info] Skipping (checked 53 min ago, limit 180 min [outside Tokyo office hours, now Mon 00:01 there]): Matcha Kinrin (金輪) from Marukyu Koyamaen English shop
[info] Skipping (checked 53 min ago, limit 120 min): Matcha Kinrin (金輪) from Marukyu Koyamaen, at Sazen Tea
[info] Skipping (checked 53 min ago, limit 120 min): Matcha Wako (和光) from Marukyu Koyamaen, at Sazen Tea
[info] Skipping (checked 53 min ago, limit 120 min): Matcha Isuzu (五十鈴) from Marukyu Koyamaen, at Sazen Tea
[info] Skipping (checked 53 min ago, limit 120 min): Matcha Ogurayama (小倉山) from Yamamasa Koyamaen, at Sazen Tea
[info] Skipping (checked 53 min ago, limit 120 min): Matcha Shikibu no Mukashi (式部の昔) from Yamamasa Koyamaen, at Sazen Tea
[info] Skipping (checked 53 min ago, limit 120 min): Matcha Samidori (さみどり) from Yamamasa Koyamaen, at Sazen Tea
[info] Checking: Matcha Todou no Mukashi (都昔) from Horii Shichimeien
[info]   HTTP 200, 6488 bytes
[price]   30g: ¥4,860 (sold out)
[info]   Out of stock.
[info] Checking: Matcha Uji Mukashi (宇治昔) from Horii Shichimeien
[info]   HTTP 200, 6584 bytes
[price]   30g: ¥2,484 (IN STOCK)
[info]   In stock, but already reported earlier. Available sizes: 30g, ¥2,484
[info] state saved (1 items tracked)

run #1092 | Paris 27 Sep 16:07 | Tokyo 27 Sep 23:07 | trigger: workflow_dispatch | utc 2026-09-27 14:07

[info] Checking: Matcha Isuzu (五十鈴) from Marukyu Koyamaen English shop
[info]   HTTP 200, 119669 bytes
[info]   Out of stock.
[info] Checking: Matcha Wako (和光) from Marukyu Koyamaen English shop
[info]   HTTP 200, 123696 bytes
[info]   Out of stock.
[info] Checking: Matcha Kinrin (金輪) from Marukyu Koyamaen English shop
[info]   HTTP 200, 121068 bytes
[info]   Out of stock.
[info] Checking: Matcha Kinrin (金輪) from Marukyu Koyamaen, at Sazen Tea
[info]   HTTP 200, 144131 bytes
[info]   Out of stock.
[info] Checking: Matcha Wako (和光) from Marukyu Koyamaen, at Sazen Tea
[info]   (reusing the page already fetched this run)
[info]   HTTP 200, 144131 bytes
[info]   Out of stock.
[info] Checking: Matcha Isuzu (五十鈴) from Marukyu Koyamaen, at Sazen Tea
[info]   (reusing the page already fetched this run)
[info]   HTTP 200, 144131 bytes
[info]   Out of stock.
[info] Checking: Matcha Ogurayama (小倉山) from Yamamasa Koyamaen, at Sazen Tea
[info]   HTTP 200, 138573 bytes
[info]   Out of stock.
[info] Checking: Matcha Shikibu no Mukashi (式部の昔) from Yamamasa Koyamaen, at Sazen Tea
[info]   (reusing the page already fetched this run)
[info]   HTTP 200, 138573 bytes
[info]   Out of stock.
[info] Checking: Matcha Samidori (さみどり) from Yamamasa Koyamaen, at Sazen Tea
[info]   (reusing the page already fetched this run)
[info]   HTTP 200, 138573 bytes
[info]   Out of stock.
[info] Checking: Matcha Todou no Mukashi (都昔) from Horii Shichimeien
[info]   HTTP 200, 6488 bytes
[price]   30g: ¥4,860 (sold out)
[info]   Out of stock.
[info] Checking: Matcha Uji Mukashi (宇治昔) from Horii Shichimeien
[info]   HTTP 200, 6584 bytes
[price]   30g: ¥2,484 (IN STOCK)
[info]   In stock, but already reported earlier. Available sizes: 30g, ¥2,484
[info] state saved (1 items tracked)

run #1090 | Paris 27 Sep 14:58 | Tokyo 27 Sep 21:58 | trigger: workflow_dispatch | utc 2026-09-27 12:58

[info] Skipping (checked 117 min ago, limit 180 min [outside Tokyo office hours, now Sun 21:58 there]): Matcha Isuzu (五十鈴) from Marukyu Koyamaen English shop
[info] Skipping (checked 117 min ago, limit 180 min [outside Tokyo office hours, now Sun 21:58 there]): Matcha Wako (和光) from Marukyu Koyamaen English shop
[info] Skipping (checked 117 min ago, limit 180 min [outside Tokyo office hours, now Sun 21:58 there]): Matcha Kinrin (金輪) from Marukyu Koyamaen English shop
[info] Skipping (checked 51 min ago, limit 120 min): Matcha Kinrin (金輪) from Marukyu Koyamaen, at Sazen Tea
[info] Skipping (checked 51 min ago, limit 120 min): Matcha Wako (和光) from Marukyu Koyamaen, at Sazen Tea
[info] Skipping (checked 51 min ago, limit 120 min): Matcha Isuzu (五十鈴) from Marukyu Koyamaen, at Sazen Tea
[info] Skipping (checked 51 min ago, limit 120 min): Matcha Ogurayama (小倉山) from Yamamasa Koyamaen, at Sazen Tea
[info] Skipping (checked 51 min ago, limit 120 min): Matcha Shikibu no Mukashi (式部の昔) from Yamamasa Koyamaen, at Sazen Tea
[info] Skipping (checked 51 min ago, limit 120 min): Matcha Samidori (さみどり) from Yamamasa Koyamaen, at Sazen Tea
[info] Checking: Matcha Todou no Mukashi (都昔) from Horii Shichimeien
[info]   HTTP 200, 6488 bytes
[price]   30g: ¥4,860 (sold out)
[info]   Out of stock.
[info] Checking: Matcha Uji Mukashi (宇治昔) from Horii Shichimeien
[info]   HTTP 200, 6584 bytes
[price]   30g: ¥2,484 (IN STOCK)
[info]   In stock, but already reported earlier. Available sizes: 30g, ¥2,484
[info] state saved (1 items tracked)

run #1089 | Paris 27 Sep 14:07 | Tokyo 27 Sep 21:07 | trigger: workflow_dispatch | utc 2026-09-27 12:07

[info] Skipping (checked 65 min ago, limit 180 min [outside Tokyo office hours, now Sun 21:07 there]): Matcha Isuzu (五十鈴) from Marukyu Koyamaen English shop
[info] Skipping (checked 65 min ago, limit 180 min [outside Tokyo office hours, now Sun 21:07 there]): Matcha Wako (和光) from Marukyu Koyamaen English shop
[info] Skipping (checked 65 min ago, limit 180 min [outside Tokyo office hours, now Sun 21:07 there]): Matcha Kinrin (金輪) from Marukyu Koyamaen English shop
[info] Checking: Matcha Kinrin (金輪) from Marukyu Koyamaen, at Sazen Tea
[info]   HTTP 200, 144131 bytes
[info]   Out of stock.
[info] Checking: Matcha Wako (和光) from Marukyu Koyamaen, at Sazen Tea
[info]   (reusing the page already fetched this run)
[info]   HTTP 200, 144131 bytes
[info]   Out of stock.
[info] Checking: Matcha Isuzu (五十鈴) from Marukyu Koyamaen, at Sazen Tea
[info]   (reusing the page already fetched this run)
[info]   HTTP 200, 144131 bytes
[info]   Out of stock.
[info] Checking: Matcha Ogurayama (小倉山) from Yamamasa Koyamaen, at Sazen Tea
[info]   HTTP 200, 138573 bytes
[info]   Out of stock.
[info] Checking: Matcha Shikibu no Mukashi (式部の昔) from Yamamasa Koyamaen, at Sazen Tea
[info]   (reusing the page already fetched this run)
[info]   HTTP 200, 138573 bytes
[info]   Out of stock.
[info] Checking: Matcha Samidori (さみどり) from Yamamasa Koyamaen, at Sazen Tea
[info]   (reusing the page already fetched this run)
[info]   HTTP 200, 138573 bytes
[info]   Out of stock.
[info] Checking: Matcha Todou no Mukashi (都昔) from Horii Shichimeien
[info]   HTTP 200, 6488 bytes
[price]   30g: ¥4,860 (sold out)
[info]   Out of stock.
[info] Checking: Matcha Uji Mukashi (宇治昔) from Horii Shichimeien
[info]   HTTP 200, 6584 bytes
[price]   30g: ¥2,484 (IN STOCK)
[info]   In stock, but already reported earlier. Available sizes: 30g, ¥2,484
[info] state saved (1 items tracked)

run #1088 | Paris 27 Sep 13:01 | Tokyo 27 Sep 20:01 | trigger: workflow_dispatch | utc 2026-09-27 11:01

[info] Checking: Matcha Isuzu (五十鈴) from Marukyu Koyamaen English shop
[info]   HTTP 200, 119674 bytes
[info]   Out of stock.
[info] Checking: Matcha Wako (和光) from Marukyu Koyamaen English shop
[info]   HTTP 200, 123761 bytes
[info]   Out of stock.
[info] Checking: Matcha Kinrin (金輪) from Marukyu Koyamaen English shop
[info]   HTTP 200, 121068 bytes
[info]   Out of stock.
[info] Skipping (checked 62 min ago, limit 120 min): Matcha Kinrin (金輪) from Marukyu Koyamaen, at Sazen Tea
[info] Skipping (checked 62 min ago, limit 120 min): Matcha Wako (和光) from Marukyu Koyamaen, at Sazen Tea
[info] Skipping (checked 62 min ago, limit 120 min): Matcha Isuzu (五十鈴) from Marukyu Koyamaen, at Sazen Tea
[info] Skipping (checked 62 min ago, limit 120 min): Matcha Ogurayama (小倉山) from Yamamasa Koyamaen, at Sazen Tea
[info] Skipping (checked 62 min ago, limit 120 min): Matcha Shikibu no Mukashi (式部の昔) from Yamamasa Koyamaen, at Sazen Tea
[info] Skipping (checked 62 min ago, limit 120 min): Matcha Samidori (さみどり) from Yamamasa Koyamaen, at Sazen Tea
[info] Checking: Matcha Todou no Mukashi (都昔) from Horii Shichimeien
[info]   HTTP 200, 6488 bytes
[price]   30g: ¥4,860 (sold out)
[info]   Out of stock.
[info] Checking: Matcha Uji Mukashi (宇治昔) from Horii Shichimeien
[info]   HTTP 200, 6584 bytes
[price]   30g: ¥2,484 (IN STOCK)
[info]   In stock, but already reported earlier. Available sizes: 30g, ¥2,484
[info] state saved (1 items tracked)

run #1087 | Paris 27 Sep 11:58 | Tokyo 27 Sep 18:58 | trigger: workflow_dispatch | utc 2026-09-27 09:58

[info] Skipping (checked 170 min ago, limit 180 min [outside Tokyo office hours, now Sun 18:58 there]): Matcha Isuzu (五十鈴) from Marukyu Koyamaen English shop
[info] Skipping (checked 170 min ago, limit 180 min [outside Tokyo office hours, now Sun 18:58 there]): Matcha Wako (和光) from Marukyu Koyamaen English shop
[info] Skipping (checked 170 min ago, limit 180 min [outside Tokyo office hours, now Sun 18:58 there]): Matcha Kinrin (金輪) from Marukyu Koyamaen English shop
[info] Checking: Matcha Kinrin (金輪) from Marukyu Koyamaen, at Sazen Tea
[info]   HTTP 200, 144131 bytes
[info]   Out of stock.
[info] Checking: Matcha Wako (和光) from Marukyu Koyamaen, at Sazen Tea
[info]   (reusing the page already fetched this run)
[info]   HTTP 200, 144131 bytes
[info]   Out of stock.
[info] Checking: Matcha Isuzu (五十鈴) from Marukyu Koyamaen, at Sazen Tea
[info]   (reusing the page already fetched this run)
[info]   HTTP 200, 144131 bytes
[info]   Out of stock.
[info] Checking: Matcha Ogurayama (小倉山) from Yamamasa Koyamaen, at Sazen Tea
[info]   HTTP 200, 138573 bytes
[info]   Out of stock.
[info] Checking: Matcha Shikibu no Mukashi (式部の昔) from Yamamasa Koyamaen, at Sazen Tea
[info]   (reusing the page already fetched this run)
[info]   HTTP 200, 138573 bytes
[info]   Out of stock.
[info] Checking: Matcha Samidori (さみどり) from Yamamasa Koyamaen, at Sazen Tea
[info]   (reusing the page already fetched this run)
[info]   HTTP 200, 138573 bytes
[info]   Out of stock.
[info] Checking: Matcha Todou no Mukashi (都昔) from Horii Shichimeien
[info]   HTTP 200, 6488 bytes
[price]   30g: ¥4,860 (sold out)
[info]   Out of stock.
[info] Checking: Matcha Uji Mukashi (宇治昔) from Horii Shichimeien
[info]   HTTP 200, 6584 bytes
[price]   30g: ¥2,484 (IN STOCK)
[info]   In stock, but already reported earlier. Available sizes: 30g, ¥2,484
[info] state saved (1 items tracked)

run #1086 | Paris 27 Sep 11:05 | Tokyo 27 Sep 18:05 | trigger: workflow_dispatch | utc 2026-09-27 09:05

[info] Skipping (checked 117 min ago, limit 180 min [outside Tokyo office hours, now Sun 18:05 there]): Matcha Isuzu (五十鈴) from Marukyu Koyamaen English shop
[info] Skipping (checked 117 min ago, limit 180 min [outside Tokyo office hours, now Sun 18:05 there]): Matcha Wako (和光) from Marukyu Koyamaen English shop
[info] Skipping (checked 117 min ago, limit 180 min [outside Tokyo office hours, now Sun 18:05 there]): Matcha Kinrin (金輪) from Marukyu Koyamaen English shop
[info] Skipping (checked 117 min ago, limit 120 min): Matcha Kinrin (金輪) from Marukyu Koyamaen, at Sazen Tea
[info] Skipping (checked 117 min ago, limit 120 min): Matcha Wako (和光) from Marukyu Koyamaen, at Sazen Tea
[info] Skipping (checked 117 min ago, limit 120 min): Matcha Isuzu (五十鈴) from Marukyu Koyamaen, at Sazen Tea
[info] Skipping (checked 117 min ago, limit 120 min): Matcha Ogurayama (小倉山) from Yamamasa Koyamaen, at Sazen Tea
[info] Skipping (checked 117 min ago, limit 120 min): Matcha Shikibu no Mukashi (式部の昔) from Yamamasa Koyamaen, at Sazen Tea
[info] Skipping (checked 117 min ago, limit 120 min): Matcha Samidori (さみどり) from Yamamasa Koyamaen, at Sazen Tea
[info] Checking: Matcha Todou no Mukashi (都昔) from Horii Shichimeien
[info]   HTTP 200, 6488 bytes
[price]   30g: ¥4,860 (sold out)
[info]   Out of stock.
[info] Checking: Matcha Uji Mukashi (宇治昔) from Horii Shichimeien
[info]   HTTP 200, 6584 bytes
[price]   30g: ¥2,484 (IN STOCK)
[info]   In stock, but already reported earlier. Available sizes: 30g, ¥2,484
[info] state saved (1 items tracked)

run #1085 | Paris 27 Sep 10:13 | Tokyo 27 Sep 17:13 | trigger: schedule | utc 2026-09-27 08:13

[info] Skipping (checked 65 min ago, limit 180 min [outside Tokyo office hours, now Sun 17:13 there]): Matcha Isuzu (五十鈴) from Marukyu Koyamaen English shop
[info] Skipping (checked 65 min ago, limit 180 min [outside Tokyo office hours, now Sun 17:13 there]): Matcha Wako (和光) from Marukyu Koyamaen English shop
[info] Skipping (checked 65 min ago, limit 180 min [outside Tokyo office hours, now Sun 17:13 there]): Matcha Kinrin (金輪) from Marukyu Koyamaen English shop
[info] Skipping (checked 65 min ago, limit 120 min): Matcha Kinrin (金輪) from Marukyu Koyamaen, at Sazen Tea
[info] Skipping (checked 65 min ago, limit 120 min): Matcha Wako (和光) from Marukyu Koyamaen, at Sazen Tea
[info] Skipping (checked 65 min ago, limit 120 min): Matcha Isuzu (五十鈴) from Marukyu Koyamaen, at Sazen Tea
[info] Skipping (checked 65 min ago, limit 120 min): Matcha Ogurayama (小倉山) from Yamamasa Koyamaen, at Sazen Tea
[info] Skipping (checked 65 min ago, limit 120 min): Matcha Shikibu no Mukashi (式部の昔) from Yamamasa Koyamaen, at Sazen Tea
[info] Skipping (checked 65 min ago, limit 120 min): Matcha Samidori (さみどり) from Yamamasa Koyamaen, at Sazen Tea
[info] Checking: Matcha Todou no Mukashi (都昔) from Horii Shichimeien
[info]   HTTP 200, 6488 bytes
[price]   30g: ¥4,860 (sold out)
[info]   Out of stock.
[info] Checking: Matcha Uji Mukashi (宇治昔) from Horii Shichimeien
[info]   HTTP 200, 6584 bytes
[price]   30g: ¥2,484 (IN STOCK)
[info]   In stock, but already reported earlier. Available sizes: 30g, ¥2,484
[info] state saved (1 items tracked)

run #1084 | Paris 27 Sep 09:57 | Tokyo 27 Sep 16:57 | trigger: workflow_dispatch | utc 2026-09-27 07:57

[info] Skipping (checked 49 min ago, limit 180 min [outside Tokyo office hours, now Sun 16:57 there]): Matcha Isuzu (五十鈴) from Marukyu Koyamaen English shop
[info] Skipping (checked 49 min ago, limit 180 min [outside Tokyo office hours, now Sun 16:57 there]): Matcha Wako (和光) from Marukyu Koyamaen English shop
[info] Skipping (checked 49 min ago, limit 180 min [outside Tokyo office hours, now Sun 16:57 there]): Matcha Kinrin (金輪) from Marukyu Koyamaen English shop
[info] Skipping (checked 49 min ago, limit 120 min): Matcha Kinrin (金輪) from Marukyu Koyamaen, at Sazen Tea
[info] Skipping (checked 49 min ago, limit 120 min): Matcha Wako (和光) from Marukyu Koyamaen, at Sazen Tea
[info] Skipping (checked 49 min ago, limit 120 min): Matcha Isuzu (五十鈴) from Marukyu Koyamaen, at Sazen Tea
[info] Skipping (checked 49 min ago, limit 120 min): Matcha Ogurayama (小倉山) from Yamamasa Koyamaen, at Sazen Tea
[info] Skipping (checked 49 min ago, limit 120 min): Matcha Shikibu no Mukashi (式部の昔) from Yamamasa Koyamaen, at Sazen Tea
[info] Skipping (checked 49 min ago, limit 120 min): Matcha Samidori (さみどり) from Yamamasa Koyamaen, at Sazen Tea
[info] Checking: Matcha Todou no Mukashi (都昔) from Horii Shichimeien
[info]   HTTP 200, 6488 bytes
[price]   30g: ¥4,860 (sold out)
[info]   Out of stock.
[info] Checking: Matcha Uji Mukashi (宇治昔) from Horii Shichimeien
[info]   HTTP 200, 6584 bytes
[price]   30g: ¥2,484 (IN STOCK)
[info]   In stock, but already reported earlier. Available sizes: 30g, ¥2,484
[info] state saved (1 items tracked)

run #1083 | Paris 27 Sep 09:07 | Tokyo 27 Sep 16:07 | trigger: workflow_dispatch | utc 2026-09-27 07:07

[info] Checking: Matcha Isuzu (五十鈴) from Marukyu Koyamaen English shop
[info]   HTTP 200, 119734 bytes
[info]   Out of stock.
[info] Checking: Matcha Wako (和光) from Marukyu Koyamaen English shop
[info]   HTTP 200, 123696 bytes
[info]   Out of stock.
[info] Checking: Matcha Kinrin (金輪) from Marukyu Koyamaen English shop
[info]   HTTP 200, 121068 bytes
[info]   Out of stock.
[info] Checking: Matcha Kinrin (金輪) from Marukyu Koyamaen, at Sazen Tea
[info]   HTTP 200, 144131 bytes
[info]   Out of stock.
[info] Checking: Matcha Wako (和光) from Marukyu Koyamaen, at Sazen Tea
[info]   (reusing the page already fetched this run)
[info]   HTTP 200, 144131 bytes
[info]   Out of stock.
[info] Checking: Matcha Isuzu (五十鈴) from Marukyu Koyamaen, at Sazen Tea
[info]   (reusing the page already fetched this run)
[info]   HTTP 200, 144131 bytes
[info]   Out of stock.
[info] Checking: Matcha Ogurayama (小倉山) from Yamamasa Koyamaen, at Sazen Tea
[info]   HTTP 200, 138573 bytes
[info]   Out of stock.
[info] Checking: Matcha Shikibu no Mukashi (式部の昔) from Yamamasa Koyamaen, at Sazen Tea
[info]   (reusing the page already fetched this run)
[info]   HTTP 200, 138573 bytes
[info]   Out of stock.
[info] Checking: Matcha Samidori (さみどり) from Yamamasa Koyamaen, at Sazen Tea
[info]   (reusing the page already fetched this run)
[info]   HTTP 200, 138573 bytes
[info]   Out of stock.
[info] Checking: Matcha Todou no Mukashi (都昔) from Horii Shichimeien
[info]   HTTP 200, 6488 bytes
[price]   30g: ¥4,860 (sold out)
[info]   Out of stock.
[info] Checking: Matcha Uji Mukashi (宇治昔) from Horii Shichimeien
[info]   HTTP 200, 6584 bytes
[price]   30g: ¥2,484 (IN STOCK)
[info]   In stock, but already reported earlier. Available sizes: 30g, ¥2,484
[info] state saved (1 items tracked)

run #1082 | Paris 27 Sep 08:03 | Tokyo 27 Sep 15:03 | trigger: workflow_dispatch | utc 2026-09-27 06:03

[info] Skipping (checked 117 min ago, limit 180 min [outside Tokyo office hours, now Sun 15:03 there]): Matcha Isuzu (五十鈴) from Marukyu Koyamaen English shop
[info] Skipping (checked 117 min ago, limit 180 min [outside Tokyo office hours, now Sun 15:03 there]): Matcha Wako (和光) from Marukyu Koyamaen English shop
[info] Skipping (checked 117 min ago, limit 180 min [outside Tokyo office hours, now Sun 15:03 there]): Matcha Kinrin (金輪) from Marukyu Koyamaen English shop
[info] Skipping (checked 117 min ago, limit 120 min): Matcha Kinrin (金輪) from Marukyu Koyamaen, at Sazen Tea
[info] Skipping (checked 117 min ago, limit 120 min): Matcha Wako (和光) from Marukyu Koyamaen, at Sazen Tea
[info] Skipping (checked 117 min ago, limit 120 min): Matcha Isuzu (五十鈴) from Marukyu Koyamaen, at Sazen Tea
[info] Skipping (checked 117 min ago, limit 120 min): Matcha Ogurayama (小倉山) from Yamamasa Koyamaen, at Sazen Tea
[info] Skipping (checked 117 min ago, limit 120 min): Matcha Shikibu no Mukashi (式部の昔) from Yamamasa Koyamaen, at Sazen Tea
[info] Skipping (checked 117 min ago, limit 120 min): Matcha Samidori (さみどり) from Yamamasa Koyamaen, at Sazen Tea
[info] Checking: Matcha Todou no Mukashi (都昔) from Horii Shichimeien
[info]   HTTP 200, 6488 bytes
[price]   30g: ¥4,860 (sold out)
[info]   Out of stock.
[info] Checking: Matcha Uji Mukashi (宇治昔) from Horii Shichimeien
[info]   HTTP 200, 6584 bytes
[price]   30g: ¥2,484 (IN STOCK)
[info]   In stock, but already reported earlier. Available sizes: 30g, ¥2,484
[info] state saved (2 items tracked)
